// Jest Snapshot v1, https://goo.gl/fbAQLP

exports[`renders correctly 1`] = `
<View
  style={
    Object {
      "alignItems": "stretch",
      "flex": 1,
      "minHeight": 76,
    }
  }
>
  <View
    style={
      Object {
        "alignItems": "center",
        "flex": 1,
        "flexDirection": "row",
        "padding": 11,
      }
    }
  >
    <View
      style={
        Object {
          "flex": 0.6,
        }
      }
    >
      <Text
        accessible={true}
        allowFontScaling={true}
        disabled={false}
        ellipsizeMode="tail"
        style={
          Array [
            Object {
              "color": "#999999",
              "fontFamily": "Helvetica Neue",
              "fontSize": 14,
            },
            Object {
              "color": "#555555",
              "fontSize": 20,
            },
          ]
        }
      >
        MER
        <Text
          accessible={true}
          allowFontScaling={true}
          disabled={false}
          ellipsizeMode="tail"
          style={
            Array [
              Object {
                "color": "#999999",
                "fontFamily": "Helvetica Neue",
                "fontSize": 14,
              },
              Object {},
            ]
          }
        >
           
          100.00
        </Text>
      </Text>
      <Text
        accessible={true}
        allowFontScaling={true}
        disabled={false}
        ellipsizeMode="tail"
        style={
          Array [
            Object {
              "color": "#999999",
              "fontFamily": "Helvetica Neue",
              "fontSize": 14,
            },
            Object {
              "color": "#BDBDBD",
              "fontSize": 10,
            },
          ]
        }
      >
        Meralco
      </Text>
    </View>
    <Text
      accessible={true}
      allowFontScaling={true}
      disabled={false}
      ellipsizeMode="tail"
      style={
        Array [
          Object {
            "color": "#999999",
            "fontFamily": "Helvetica Neue",
            "fontSize": 14,
          },
          Object {
            "flex": 0.1,
            "fontFamily": "Courier New",
            "fontSize": 20,
            "marginLeft": 10,
            "marginRight": 10,
            "marginTop": 2,
            "textAlign": "right",
          },
        ]
      }
    >
      &gt;
    </Text>
    <Text
      accessible={true}
      allowFontScaling={true}
      disabled={false}
      ellipsizeMode="tail"
      numberOfLines={1}
      style={
        Array [
          Object {
            "color": "#999999",
            "fontFamily": "Helvetica Neue",
            "fontSize": 14,
          },
          Object {
            "color": "#666666",
            "flex": 0.3,
            "fontSize": 20,
            "textAlign": "right",
          },
        ]
      }
    >
      100.99
    </Text>
  </View>
  <View
    style={
      Object {
        "backgroundColor": "gray",
        "flex": 1,
        "flexDirection": "row",
      }
    }
  >
    <View
      style={
        Object {
          "alignItems": "flex-end",
          "backgroundColor": "#F5F5F5",
          "padding": 11,
          "width": 78,
        }
      }
    >
      <Text
        accessible={true}
        allowFontScaling={true}
        disabled={false}
        ellipsizeMode="tail"
        style={
          Array [
            Object {
              "color": "#999999",
              "fontFamily": "Helvetica Neue",
              "fontSize": 14,
            },
            Object {
              "fontSize": 10,
              "textAlign": "right",
            },
          ]
        }
      >
        Last price
      </Text>
      <Text
        accessible={true}
        allowFontScaling={true}
        disabled={false}
        ellipsizeMode="tail"
        style={
          Array [
            Object {
              "color": "#999999",
              "fontFamily": "Helvetica Neue",
              "fontSize": 14,
            },
            Object {
              "fontSize": 12,
              "marginTop": 5,
              "textAlign": "right",
            },
          ]
        }
      >
        100.00
      </Text>
      <Text
        accessible={true}
        allowFontScaling={true}
        disabled={false}
        ellipsizeMode="tail"
        style={
          Array [
            Object {
              "color": "#999999",
              "fontFamily": "Helvetica Neue",
              "fontSize": 14,
            },
            Object {
              "fontSize": 10,
              "textAlign": "right",
            },
            Object {
              "marginTop": 11,
            },
          ]
        }
      >
        Change
      </Text>
      <Text
        accessible={true}
        allowFontScaling={true}
        disabled={false}
        ellipsizeMode="tail"
        style={
          Array [
            Object {
              "color": "#999999",
              "fontFamily": "Helvetica Neue",
              "fontSize": 14,
            },
            Object {
              "color": "#E57373",
            },
            Object {
              "fontSize": 12,
              "marginTop": 5,
              "textAlign": "right",
            },
          ]
        }
      >
        -32.00
        <Text
          accessible={true}
          allowFontScaling={true}
          disabled={false}
          ellipsizeMode="tail"
          style={
            Array [
              Object {
                "color": "#999999",
                "fontFamily": "Helvetica Neue",
                "fontSize": 14,
              },
              Object {},
            ]
          }
        >
          

        </Text>
        -0.87%
      </Text>
    </View>
    <View
      style={
        Object {
          "backgroundColor": "#FAFAFA",
          "flex": 1,
          "justifyContent": "space-between",
        }
      }
    >
      <View
        style={
          Object {
            "padding": 11,
          }
        }
      >
        <Text
          accessible={true}
          allowFontScaling={true}
          disabled={false}
          ellipsizeMode="tail"
          style={
            Array [
              Object {
                "color": "#999999",
                "fontFamily": "Helvetica Neue",
                "fontSize": 14,
              },
              Object {
                "fontSize": 12,
              },
            ]
          }
        >
          The price went above 1,377.81 yesterday, 3:25 PM.
        </Text>
        <View
          style={
            Object {
              "alignItems": "center",
              "flexDirection": "row",
              "marginTop": 12,
            }
          }
        >
          <Text
            accessible={true}
            allowFontScaling={false}
            disabled={false}
            ellipsizeMode="tail"
            style={
              Array [
                Object {
                  "color": undefined,
                  "fontSize": 12,
                },
                Object {
                  "color": "#BDBDBD",
                  "fontSize": 18,
                },
                Object {
                  "fontFamily": "Material Icons",
                  "fontStyle": "normal",
                  "fontWeight": "normal",
                },
              ]
            }
          >
            
          </Text>
          <Text
            accessible={true}
            allowFontScaling={true}
            disabled={false}
            ellipsizeMode="tail"
            style={
              Array [
                Object {
                  "color": "#999999",
                  "fontFamily": "Helvetica Neue",
                  "fontSize": 14,
                },
                Object {
                  "color": "#BDBDBD",
                  "fontSize": 10,
                  "marginLeft": 4,
                },
              ]
            }
          >
            Reset or change the target price to be notified again.
          </Text>
        </View>
      </View>
      <View
        style={
          Object {
            "alignItems": "center",
            "flexDirection": "row",
            "justifyContent": "flex-end",
          }
        }
      >
        <View
          accessibilityComponentType={undefined}
          accessibilityLabel={undefined}
          accessibilityTraits={undefined}
          accessible={true}
          collapsable={undefined}
          hitSlop={undefined}
          isTVSelectable={true}
          nativeID={undefined}
          onLayout={undefined}
          onResponderGrant={[Function]}
          onResponderMove={[Function]}
          onResponderRelease={[Function]}
          onResponderTerminate={[Function]}
          onResponderTerminationRequest={[Function]}
          onStartShouldSetResponder={[Function]}
          style={
            Object {
              "opacity": 1,
            }
          }
          testID={undefined}
          tvParallaxProperties={undefined}
        >
          <Text
            accessible={true}
            allowFontScaling={false}
            disabled={false}
            ellipsizeMode="tail"
            style={
              Array [
                Object {
                  "color": undefined,
                  "fontSize": 12,
                },
                Object {
                  "color": "#757575",
                  "fontSize": 20,
                  "height": 36,
                  "lineHeight": 36,
                  "textAlign": "center",
                  "width": 36,
                },
                Object {
                  "fontFamily": "Material Icons",
                  "fontStyle": "normal",
                  "fontWeight": "normal",
                },
              ]
            }
          >
            
          </Text>
        </View>
        <View
          accessibilityComponentType={undefined}
          accessibilityLabel={undefined}
          accessibilityTraits={undefined}
          accessible={true}
          collapsable={undefined}
          hitSlop={undefined}
          isTVSelectable={true}
          nativeID={undefined}
          onLayout={undefined}
          onResponderGrant={[Function]}
          onResponderMove={[Function]}
          onResponderRelease={[Function]}
          onResponderTerminate={[Function]}
          onResponderTerminationRequest={[Function]}
          onStartShouldSetResponder={[Function]}
          style={
            Object {
              "opacity": 1,
            }
          }
          testID={undefined}
          tvParallaxProperties={undefined}
        >
          <Text
            accessible={true}
            allowFontScaling={false}
            disabled={false}
            ellipsizeMode="tail"
            style={
              Array [
                Object {
                  "color": undefined,
                  "fontSize": 12,
                },
                Object {
                  "color": "#757575",
                  "fontSize": 20,
                  "height": 36,
                  "lineHeight": 36,
                  "textAlign": "center",
                  "width": 36,
                },
                Object {
                  "fontFamily": "Material Icons",
                  "fontStyle": "normal",
                  "fontWeight": "normal",
                },
              ]
            }
          >
            
          </Text>
        </View>
        <View
          accessibilityComponentType={undefined}
          accessibilityLabel={undefined}
          accessibilityTraits={undefined}
          accessible={true}
          collapsable={undefined}
          hitSlop={undefined}
          isTVSelectable={true}
          nativeID={undefined}
          onLayout={undefined}
          onResponderGrant={[Function]}
          onResponderMove={[Function]}
          onResponderRelease={[Function]}
          onResponderTerminate={[Function]}
          onResponderTerminationRequest={[Function]}
          onStartShouldSetResponder={[Function]}
          style={
            Object {
              "opacity": 1,
            }
          }
          testID={undefined}
          tvParallaxProperties={undefined}
        >
          <Text
            accessible={true}
            allowFontScaling={false}
            disabled={false}
            ellipsizeMode="tail"
            style={
              Array [
                Object {
                  "color": undefined,
                  "fontSize": 12,
                },
                Object {
                  "color": "#757575",
                  "fontSize": 20,
                  "height": 36,
                  "lineHeight": 36,
                  "textAlign": "center",
                  "width": 36,
                },
                Object {
                  "fontFamily": "Material Icons",
                  "fontStyle": "normal",
                  "fontWeight": "normal",
                },
              ]
            }
          >
            
          </Text>
        </View>
      </View>
    </View>
  </View>
  <View
    style={
      Object {
        "backgroundColor": "#EDEDED",
        "height": 1,
      }
    }
  >
    <View
      style={
        Object {
          "backgroundColor": "#54C242",
          "flex": 1,
        }
      }
      width="99.01872444079174%"
    />
  </View>
</View>
`;
